// Jest Snapshot v1, https://goo.gl/fbAQLP

exports[`<H1 /> should match snapshot 1`] = `
<h1>
  Testando componente
</h1>
`;
